<html>
<body>
<pre>
<h1>µVision Build Log</h1>
<h2>Project:</h2>
D:\Mohammed Yasser\Documents\project\test\test.uvproj
Project File Date:  05/06/2023

<h2>Output:</h2>
Build target 'Target 1'
compiling test.c...
linking...
Program Size: Code=12348 RO-data=1300 RW-data=76 ZI-data=812  
".\test.axf" - 0 Error(s), 0 Warning(s).
Load "D:\\Mohammed Yasser\\Documents\\project\\test\\test.axf" 
Connecting: Mode=JTAG, Speed=1000000Hz
Erase Done.
Programming Done.
Verify OK.
</pre>
</body>
</html>
oad file 'D:\Mohammed Yasser\Documents\project\test\test.axf'
