<html>
<body>
<pre>
<h1>µVision Build Log</h1>
<h2>Project:</h2>
D:\Mohammed Yasser\Documents\project\pr.uvproj
Project File Date:  05/02/2023

<h2>Output:</h2>
Build target 'Target 1'
linking...
Program Size: Code=12900 RO-data=1300 RW-data=76 ZI-data=812  
".\pr.axf" - 0 Error(s), 0 Warning(s).
warning, 0 errors
linking...
Program Size: Code=12900 RO-data=1300 RW-data=76 ZI-data=812  
".\pr.axf" - 0 Error(s), 1 Warning(s).
12  
".\pr.axf" - 0 Error(s), 1 Warning(s).
compiling main.c...
main.c(121): warning:  #177-D: variable "x" was declared but never referenced
        char x;
main.c: 1 warning, 0 errors
"main.c" - 0 Error(s), 1 Warning(s).
